package TestCase

func TestCase() {

	// Generated by TestCallFunc_GivenArguments_GeneratesExpectedCode/NoArguments
	NoArguments()

}
