// Code generated by azure-service-operator-codegen. DO NOT EDIT.
// Copyright (c) Microsoft Corporation.
// Licensed under the MIT license.
package vCurrent

import (
	"github.com/Azure/azure-service-operator/testing/Verification/vNext"
	"github.com/Azure/azure-service-operator/v2/pkg/genruntime"
	"github.com/pkg/errors"
)

type Person struct {
	Age *int `json:"age"`
}

// AssignPropertiesFromPerson populates our Person from the provided source Person
func (person *Person) AssignPropertiesFromPerson(source *vNext.Person) error {
	// Clone the existing property bag
	propertyBag := genruntime.NewPropertyBag(source.propertyBag)

	// Age
	if propertyBag.Contains("Age") {
		var age int
		err := propertyBag.Pull("Age", &age)
		if err != nil {
			return errors.Wrap(err, "pulling 'Age' from propertyBag")
		}

		person.Age = &age
	} else {
		person.Age = nil
	}

	// No error
	return nil
}

// AssignPropertiesToPerson populates the provided destination Person from our Person
func (person *Person) AssignPropertiesToPerson(destination *vNext.Person) error {
	// Create a new property bag
	propertyBag := genruntime.NewPropertyBag()

	// Age
	if person.Age != nil {
		propertyBag.Add("Age", *person.Age)
	}

	// Update the property bag
	destination.propertyBag = propertyBag

	// No error
	return nil
}
