// Code generated by azure-service-operator-codegen. DO NOT EDIT.
// Copyright (c) Microsoft Corporation.
// Licensed under the MIT license.
package v20200101

import (
	"github.com/Azure/azure-service-operator/v2/pkg/genruntime"
	metav1 "k8s.io/apimachinery/pkg/apis/meta/v1"
)

// +kubebuilder:object:root=true
// +kubebuilder:subresource:status
type Person struct {
	metav1.TypeMeta   `json:",inline"`
	metav1.ObjectMeta `json:"metadata,omitempty"`
	Spec              Person_Spec   `json:"spec,omitempty"`
	Status            Person_Status `json:"status,omitempty"`
}

// +kubebuilder:object:root=true
type PersonList struct {
	metav1.TypeMeta `json:",inline"`
	metav1.ListMeta `json:"metadata,omitempty"`
	Items           []Person `json:"items"`
}

type Person_Spec struct {
	//FamilyName: Shared name of the family
	FamilyName string `json:"familyName"`

	//FullName: As would be used to address mail
	FullName string `json:"fullName"`

	//KnownAs: How the person is generally known
	KnownAs string `json:"knownAs"`

	//OperatorSpec: The specification for configuring operator behavior. This field is interpreted by the operator and not
	//passed directly to Azure
	OperatorSpec *PersonOperatorSpec `json:"operatorSpec,omitempty"`
}

type Person_Status struct {
	Status string `json:"status"`
}

//Details for configuring operator behavior. Fields in this struct are interpreted by the operator directly rather than being passed to Azure
type PersonOperatorSpec struct {
	//Secrets: configures where to place Azure generated secrets.
	Secrets *PersonOperatorSecrets `json:"secrets,omitempty"`
}

type PersonOperatorSecrets struct {
	//Key1: indicates where the key1 secret should be placed. If omitted, the secret will not be retrieved from Azure.
	Key1 *genruntime.SecretDestination `json:"key1,omitempty"`
}

func init() {
	SchemeBuilder.Register(&Person{}, &PersonList{})
}
