// Code generated by azure-service-operator-codegen. DO NOT EDIT.
// Copyright (c) Microsoft Corporation.
// Licensed under the MIT license.
package arm

type Person struct {
	// FullName: As would be used to address mail
	FullName string `json:"fullName,omitempty"`

	// Qualifications: Expect alias of array on CRD type to become array on ARM type
	Qualifications []string `json:"qualifications,omitempty"`
}
