// Code generated by azure-service-operator-codegen. DO NOT EDIT.
// Copyright (c) Microsoft Corporation.
// Licensed under the MIT license.
package customizations

import (
	microsoftpersonv20200101 "github.com/Azure/azure-service-operator/testing/microsoft.person/v20200101"
	microsoftpersonv20200801 "github.com/Azure/azure-service-operator/testing/microsoft.person/v20200801"
	"github.com/Azure/azure-service-operator/v2/pkg/genruntime"
)

type PersonAExtension struct {
}

// GetExtendedResources Returns the KubernetesResource slice for Resource versions
func (extension *PersonAExtension) GetExtendedResources() []genruntime.KubernetesResource {
	return []genruntime.KubernetesResource{
		&microsoftpersonv20200101.PersonA{},
		&microsoftpersonv20200801.PersonA{}}
}
