// Code generated by k8s-infra. DO NOT EDIT.
// Copyright (c) Microsoft Corporation.
// Licensed under the MIT license.
package v1alpha1api20200101

//Generated from: https://test.test/schemas/2020-01-01/test.json
type Test struct {
	MyBool     *bool            `json:"myBool,omitempty"`
	MyString   *string          `json:"myString,omitempty"`
	Properties *Test_Properties `json:"properties,omitempty"`
}

type Test_Properties struct {
	//Bar: Mutually exclusive with all other properties
	Bar *Bar `json:"bar,omitempty"`

	//Foo: Mutually exclusive with all other properties
	Foo *Foo `json:"foo,omitempty"`
}

//Generated from: https://test.test/schemas/2020-01-01/test.json#/definitions/Bar
type Bar struct {
	// +kubebuilder:validation:Required
	Size int `json:"size"`
}

//Generated from: https://test.test/schemas/2020-01-01/test.json#/definitions/Foo
type Foo struct {
	Name *string `json:"name,omitempty"`
}
