// Code generated by k8s-infra. DO NOT EDIT.
// Copyright (c) Microsoft Corporation.
// Licensed under the MIT license.
package v1alpha1api20200101

//Generated from: https://test.test/schemas/2020-01-01/test.json
type Test struct {
	//Base: Mutually exclusive with all other properties
	Base *Test_Base `json:"base,omitempty"`

	//Inherited: Mutually exclusive with all other properties
	Inherited *Test_Inherited `json:"inherited,omitempty"`
}

type Test_Base struct {
	Width *int `json:"width,omitempty"`
}

type Test_Inherited struct {
	Height *int `json:"height,omitempty"`
	Width  *int `json:"width,omitempty"`
}
