// Code generated by azure-service-operator-codegen. DO NOT EDIT.
// Copyright (c) Microsoft Corporation.
// Licensed under the MIT license.
package v20211231storage

import (
	"github.com/Azure/azure-service-operator/hack/generated/pkg/genruntime"
	"github.com/Azure/azure-service-operator/testing/microsoft.person/v20211231storage"
	"github.com/pkg/errors"
	metav1 "k8s.io/apimachinery/pkg/apis/meta/v1"
)

// +kubebuilder:object:root=true
// +kubebuilder:subresource:status
//Storage version of v20211231.Person
type Person struct {
	metav1.TypeMeta   `json:",inline"`
	metav1.ObjectMeta `json:"metadata,omitempty"`
	Spec              v20211231storage.Person_Spec   `json:"spec,omitempty"`
	Status            v20211231storage.Person_Status `json:"status,omitempty"`
}

// +kubebuilder:object:root=true
//Storage version of v20211231.Person
type PersonList struct {
	metav1.TypeMeta `json:",inline"`
	metav1.ListMeta `json:"metadata,omitempty"`
	Items           []v20211231storage.Person `json:"items"`
}

//Storage version of v20211231.Person_Spec
type Person_Spec struct {
	FullName *string `json:"fullName,omitempty"`
}

var _ genruntime.ConvertibleSpec = &Person_Spec{}

// ConvertSpecFrom populates our Person_Spec from the provided source
func (personSpec *v20211231storage.Person_Spec) ConvertSpecFrom(source genruntime.ConvertibleSpec) error {
	if source == personSpec {
		return errors.New("attempted conversion between unrelated implementations of github.com/Azure/azure-service-operator/hack/generated/pkg/genruntime/ConvertibleSpec")
	}

	return source.ConvertSpecTo(personSpec)
}

// ConvertSpecTo populates the provided destination from our Person_Spec
func (personSpec *v20211231storage.Person_Spec) ConvertSpecTo(destination genruntime.ConvertibleSpec) error {
	if destination == personSpec {
		return errors.New("attempted conversion between unrelated implementations of github.com/Azure/azure-service-operator/hack/generated/pkg/genruntime/ConvertibleSpec")
	}

	return destination.ConvertSpecFrom(personSpec)
}

//Storage version of v20211231.Person_Status
type Person_Status struct {
	Status *string `json:"status,omitempty"`
}

func init() {
	SchemeBuilder.Register(&v20211231storage.Person{}, &v20211231storage.PersonList{})
}
