// Code generated by azure-service-operator-codegen. DO NOT EDIT.
// Copyright (c) Microsoft Corporation.
// Licensed under the MIT license.
package v20200101

import (
	"context"
	"github.com/Azure/azure-service-operator/v2/internal/genericarmclient"
	"github.com/Azure/azure-service-operator/v2/pkg/genruntime"
	"github.com/Azure/azure-service-operator/v2/pkg/genruntime/configmaps"
	"github.com/go-logr/logr"
	metav1 "k8s.io/apimachinery/pkg/apis/meta/v1"
	"sigs.k8s.io/controller-runtime/pkg/client"
)

// +kubebuilder:object:root=true
// +kubebuilder:subresource:status
type Person struct {
	metav1.TypeMeta   `json:",inline"`
	metav1.ObjectMeta `json:"metadata,omitempty"`
	Spec              Person_Spec   `json:"spec,omitempty"`
	Status            Person_STATUS `json:"status,omitempty"`
}

var _ genruntime.KubernetesExporter = &Person{}

// ExportKubernetesResources defines a resource which can create other resources in Kubernetes.
func (person *Person) ExportKubernetesResources(_ context.Context, _ genruntime.MetaObject, _ *genericarmclient.GenericClient, _ logr.Logger) ([]client.Object, error) {
	collector := configmaps.NewCollector(person.Namespace)
	if person.Spec.OperatorSpec != nil && person.Spec.OperatorSpec.ConfigMaps != nil {
		if person.Status.OptionalString != nil {
			collector.AddValue(person.Spec.OperatorSpec.ConfigMaps.OptionalStringProp, *person.Status.OptionalString)
		}
	}
	if person.Spec.OperatorSpec != nil && person.Spec.OperatorSpec.ConfigMaps != nil {
		collector.AddValue(person.Spec.OperatorSpec.ConfigMaps.StatusProp, person.Status.Status)
	}
	result, err := collector.Values()
	if err != nil {
		return nil, err
	}
	return configmaps.SliceToClientObjectSlice(result), nil
}

// +kubebuilder:object:root=true
type PersonList struct {
	metav1.TypeMeta `json:",inline"`
	metav1.ListMeta `json:"metadata,omitempty"`
	Items           []Person `json:"items"`
}

type Person_Spec struct {
	// FamilyName: Shared name of the family
	FamilyName string `json:"familyName,omitempty"`

	// FullName: As would be used to address mail
	FullName string `json:"fullName,omitempty"`

	// KnownAs: How the person is generally known
	KnownAs string `json:"knownAs,omitempty"`

	// OperatorSpec: The specification for configuring operator behavior. This field is interpreted by the operator and not
	// passed directly to Azure
	OperatorSpec *PersonOperatorSpec `json:"operatorSpec,omitempty"`
}

type Person_STATUS struct {
	// OptionalString: An optional string
	OptionalString *string `json:"optionalString,omitempty"`

	// Status: Current status
	Status string `json:"status,omitempty"`
}

// Details for configuring operator behavior. Fields in this struct are interpreted by the operator directly rather than being passed to Azure
type PersonOperatorSpec struct {
	// ConfigMaps: configures where to place operator written ConfigMaps.
	ConfigMaps *PersonOperatorConfigMaps `json:"configMaps,omitempty"`
}

type PersonOperatorConfigMaps struct {
	// OptionalStringProp: indicates where the optionalStringProp config map should be placed. If omitted, no config map will
	// be created.
	OptionalStringProp *genruntime.ConfigMapDestination `json:"optionalStringProp,omitempty"`

	// StatusProp: indicates where the statusProp config map should be placed. If omitted, no config map will be created.
	StatusProp *genruntime.ConfigMapDestination `json:"statusProp,omitempty"`
}

func init() {
	SchemeBuilder.Register(&Person{}, &PersonList{})
}
