// Code generated by azure-service-operator-codegen. DO NOT EDIT.
// Copyright (c) Microsoft Corporation.
// Licensed under the MIT license.
package extensions

import "github.com/Azure/azure-service-operator/v2/pkg/genruntime"

type PersonExtension struct {
}

// GetExtendedResources returns the original API version used to create the resource.
func (extension *PersonExtension) GetExtendedResources() *[]genruntime.KubernetesResource {
	return &[]genruntime.KubernetesResource{}
}
