github.com/Azure/azure-service-operator/testing/person/v20200101
└── Poscidon: Object
    ├── FullName: string
    ├── KnownAs: string
    └── Tsunamis: int
