|   | prime | square | triangle |
|---|-------|--------|----------|
| 1 | (yes) | yes    |          |
| 2 | yes   |        |          |
| 3 | yes   |        | yes      |
| 4 |       | yes    |          |
| 5 | yes   |        |          |
| 6 |       |        | yes      |
