// Code generated by azure-service-operator-codegen. DO NOT EDIT.
// Copyright (c) Microsoft Corporation.
// Licensed under the MIT license.
package vCurrent

import "github.com/Azure/azure-service-operator/testing/Verification/vNext"

type Person struct {
	Scores []int `json:"scores"`
}

// AssignPropertiesFromPerson populates our Person from the provided source Person
func (person *Person) AssignPropertiesFromPerson(source *vNext.Person) error {

	// Scores
	scoreList := make([]int, len(source.Scores))
	for scoreIndex, scoreItem := range source.Scores {
		// Shadow the loop variable to avoid aliasing
		scoreItem := scoreItem
		scoreList[scoreIndex] = scoreItem
	}
	person.Scores = scoreList

	// No error
	return nil
}

// AssignPropertiesToPerson populates the provided destination Person from our Person
func (person *Person) AssignPropertiesToPerson(destination *vNext.Person) error {

	// Scores
	scoreList := make([]int, len(person.Scores))
	for scoreIndex, scoreItem := range person.Scores {
		// Shadow the loop variable to avoid aliasing
		scoreItem := scoreItem
		scoreList[scoreIndex] = scoreItem
	}
	destination.Scores = scoreList

	// No error
	return nil
}
