// Code generated by azure-service-operator-codegen. DO NOT EDIT.
// Copyright (c) Microsoft Corporation.
// Licensed under the MIT license.
package vCurrent

import verification "github.com/Azure/azure-service-operator/testing/verification/vNext"

type Person struct {
	Release Bucket `json:"release,omitempty"`
}

// AssignPropertiesFromPerson populates our Person from the provided source Person
func (person *Person) AssignPropertiesFromPerson(source *verification.Person) error {

	// Release
	release := Bucket(source.Release)
	person.Release = release

	// No error
	return nil
}

// AssignPropertiesToPerson populates the provided destination Person from our Person
func (person *Person) AssignPropertiesToPerson(destination *verification.Person) error {

	// Release
	release := Bucket(person.Release)
	destination.Release = release

	// No error
	return nil
}
