// Code generated by azure-service-operator-codegen. DO NOT EDIT.
// Copyright (c) Microsoft Corporation.
// Licensed under the MIT license.
package vCurrent

import verification "github.com/Azure/azure-service-operator/testing/verification/vNext"

type Person struct {
	Age *Age `json:"age,omitempty"`
}

// AssignPropertiesFromPerson populates our Person from the provided source Person
func (person *Person) AssignPropertiesFromPerson(source *verification.Person) error {

	// Age
	age := Age(source.Age)
	person.Age = &age

	// No error
	return nil
}

// AssignPropertiesToPerson populates the provided destination Person from our Person
func (person *Person) AssignPropertiesToPerson(destination *verification.Person) error {

	// Age
	if person.Age != nil {
		destination.Age = int(*person.Age)
	} else {
		destination.Age = 0
	}

	// No error
	return nil
}
