// Code generated by azure-service-operator-codegen. DO NOT EDIT.
// Copyright (c) Microsoft Corporation.
// Licensed under the MIT license.
package vcurrent

import verification "github.com/Azure/azure-service-operator/testing/verification/vnext"

type Person struct {
	Sku *string `json:"sku,omitempty"`
}

// AssignPropertiesFromPerson populates our Person from the provided source Person
func (person *Person) AssignPropertiesFromPerson(source *verification.Person) error {

	// Sku
	if source.Sku != nil {
		sku := string(*source.Sku)
		person.Sku = &sku
	} else {
		person.Sku = nil
	}

	// No error
	return nil
}

// AssignPropertiesToPerson populates the provided destination Person from our Person
func (person *Person) AssignPropertiesToPerson(destination *verification.Person) error {

	// Sku
	if person.Sku != nil {
		sku := verification.Bucket(*person.Sku)
		destination.Sku = &sku
	} else {
		destination.Sku = nil
	}

	// No error
	return nil
}
