// Code generated by azure-service-operator-codegen. DO NOT EDIT.
// Copyright (c) Microsoft Corporation.
// Licensed under the MIT license.
package vcurrent

import verification "github.com/Azure/azure-service-operator/testing/verification/vnext"

type Person struct {
	Release *Bucket `json:"release,omitempty"`
}

// AssignPropertiesFromPerson populates our Person from the provided source Person
func (person *Person) AssignPropertiesFromPerson(source *verification.Person) error {

	// Release
	if source.Release != nil {
		release := Bucket(*source.Release)
		person.Release = &release
	} else {
		person.Release = nil
	}

	// No error
	return nil
}

// AssignPropertiesToPerson populates the provided destination Person from our Person
func (person *Person) AssignPropertiesToPerson(destination *verification.Person) error {

	// Release
	if person.Release != nil {
		release := Bucket(*person.Release)
		destination.Release = &release
	} else {
		destination.Release = nil
	}

	// No error
	return nil
}
