// Code generated by azure-service-operator-codegen. DO NOT EDIT.
// Copyright (c) Microsoft Corporation.
// Licensed under the MIT license.
package vcurrent

import (
	vnext "github.com/Azure/azure-service-operator/testing/verification/vnext"
	"github.com/Azure/azure-service-operator/v2/pkg/genruntime"
)

type Person struct {
	PhoneNumbers []string `json:"phoneNumbers,omitempty"`
}

// AssignProperties_From_Person populates our Person from the provided source Person
func (person *Person) AssignProperties_From_Person(source *vnext.Person) error {

	// PhoneNumbers
	person.PhoneNumbers = genruntime.CloneSliceOfString([]string(source.PhoneNumbers))

	// No error
	return nil
}

// AssignProperties_To_Person populates the provided destination Person from our Person
func (person *Person) AssignProperties_To_Person(destination *vnext.Person) error {

	// PhoneNumbers
	destination.PhoneNumbers = vnext.PhoneNumbers(genruntime.CloneSliceOfString(person.PhoneNumbers))

	// No error
	return nil
}
