// Code generated by azure-service-operator-codegen. DO NOT EDIT.
// Copyright (c) Microsoft Corporation.
// Licensed under the MIT license.
package vCurrent

import (
	verification "github.com/Azure/azure-service-operator/testing/verification/vNext"
	"k8s.io/apiextensions-apiserver/pkg/apis/apiextensions/v1"
)

type Person struct {
	JSONBlob *v1.JSON `json:"jsonBlob,omitempty"`
}

// AssignPropertiesFromPerson populates our Person from the provided source Person
func (person *Person) AssignPropertiesFromPerson(source *verification.Person) error {

	// JSONBlob
	jsonBlob := *source.JSONBlob.DeepCopy()
	person.JSONBlob = &jsonBlob

	// No error
	return nil
}

// AssignPropertiesToPerson populates the provided destination Person from our Person
func (person *Person) AssignPropertiesToPerson(destination *verification.Person) error {

	// JSONBlob
	if person.JSONBlob != nil {
		destination.JSONBlob = *person.JSONBlob.DeepCopy()
	} else {
		destination.JSONBlob = v1.JSON{}
	}

	// No error
	return nil
}
