// Code generated by azure-service-operator-codegen. DO NOT EDIT.
// Copyright (c) Microsoft Corporation.
// Licensed under the MIT license.
package vCurrent

import (
	"github.com/Azure/azure-service-operator/testing/Verification/vNext"
	"github.com/Azure/azure-service-operator/v2/pkg/genruntime"
)

type Person struct {
	Items []string `json:"items"`
}

// AssignPropertiesFromPerson populates our Person from the provided source Person
func (person *Person) AssignPropertiesFromPerson(source *vNext.Person) error {

	// Items
	person.Items = genruntime.CloneSliceOfString(source.Items)

	// No error
	return nil
}

// AssignPropertiesToPerson populates the provided destination Person from our Person
func (person *Person) AssignPropertiesToPerson(destination *vNext.Person) error {

	// Items
	destination.Items = genruntime.CloneSliceOfString(person.Items)

	// No error
	return nil
}
