// Code generated by azure-service-operator-codegen. DO NOT EDIT.
// Copyright (c) Microsoft Corporation.
// Licensed under the MIT license.
package vPrefix20220630

// Deprecated version of Person_Spec. Use v20220630.Person_Spec instead
type Person_Spec struct {
	FamilyName string `json:"familyName,omitempty"`
	FullName   string `json:"fullName,omitempty"`
	KnownAs    string `json:"knownAs,omitempty"`
}
