// Code generated by azure-service-operator-codegen. DO NOT EDIT.
// Copyright (c) Microsoft Corporation.
// Licensed under the MIT license.
package v1beta20200101

import metav1 "k8s.io/apimachinery/pkg/apis/meta/v1"

// +kubebuilder:object:root=true
// +kubebuilder:subresource:status
// Deprecated version of Person. Use v20200101.Person instead
type Person struct {
	metav1.TypeMeta   `json:",inline"`
	metav1.ObjectMeta `json:"metadata,omitempty"`
	Spec              Person_Spec   `json:"spec,omitempty"`
	Status            Person_STATUS `json:"status,omitempty"`
}

// +kubebuilder:object:root=true
// Deprecated version of Person. Use v20200101.Person instead
type PersonList struct {
	metav1.TypeMeta `json:",inline"`
	metav1.ListMeta `json:"metadata,omitempty"`
	Items           []Person `json:"items"`
}

// Deprecated version of Person_Spec. Use v20200101.Person_Spec instead
type Person_Spec struct {
	FamilyName string `json:"familyName,omitempty"`
	FullName   string `json:"fullName,omitempty"`
	KnownAs    string `json:"knownAs,omitempty"`
}

// Deprecated version of Person_STATUS. Use v20200101.Person_STATUS instead
type Person_STATUS struct {
	FamilyName string `json:"familyName,omitempty"`
	FullName   string `json:"fullName,omitempty"`
	KnownAs    string `json:"knownAs,omitempty"`
	Status     string `json:"status,omitempty"`
}

func init() {
	SchemeBuilder.Register(&Person{}, &PersonList{})
}
