// Code generated by azure-service-operator-codegen. DO NOT EDIT.
// Copyright (c) Microsoft Corporation.
// Licensed under the MIT license.
package v20220630

type Person_Spec struct {
	// FamilyName: Shared name of the family
	FamilyName string `json:"familyName,omitempty"`

	// FullName: As would be used to address mail
	FullName string `json:"fullName,omitempty"`

	// KnownAs: How the person is generally known
	KnownAs string `json:"knownAs,omitempty"`
}
