// Code generated by azure-service-operator-codegen. DO NOT EDIT.
// Copyright (c) Microsoft Corporation.
// Licensed under the MIT license.
package v20200101storage

import (
	"encoding/json"
	"github.com/google/go-cmp/cmp"
	"github.com/google/go-cmp/cmp/cmpopts"
	"github.com/kr/pretty"
	"github.com/kylelemons/godebug/diff"
	"github.com/leanovate/gopter"
	"github.com/leanovate/gopter/gen"
	"github.com/leanovate/gopter/prop"
	"reflect"
	"testing"
)

func Test_Person_WhenSerializedToJson_DeserializesAsEqual(t *testing.T) {
	parameters := gopter.DefaultTestParameters()
	parameters.MaxSize = 10
	properties := gopter.NewProperties(parameters)
	properties.Property(
		"Round trip of Person via JSON returns original",
		prop.ForAll(RunJSONSerializationTestForPerson, PersonGenerator()))
	properties.TestingRun(t)
}

// RunJSONSerializationTestForPerson runs a test to see if a specific instance of Person round trips to JSON and back losslessly
func RunJSONSerializationTestForPerson(subject Person) string {
	bin, err := json.Marshal(subject)
	if err != nil {
		return err.Error()
	}

	var actual Person
	err = json.Unmarshal(bin, &actual)
	if err != nil {
		return err.Error()
	}

	match := cmp.Equal(subject, actual, cmpopts.EquateEmpty())
	if !match {
		actualFmt := pretty.Sprint(actual)
		subjectFmt := pretty.Sprint(subject)
		result := diff.Diff(subjectFmt, actualFmt)
		return result
	}

	return ""
}

//Generator of Person instances for property testing - lazily instantiated by
//PersonGenerator()
var personGenerator gopter.Gen

// PersonGenerator returns a generator of Person instances for property testing.
func PersonGenerator() gopter.Gen {
	if personGenerator != nil {
		return personGenerator
	}

	generators := make(map[string]gopter.Gen)
	AddRelatedPropertyGeneratorsForPerson(generators)
	personGenerator = gen.Struct(reflect.TypeOf(Person{}), generators)

	return personGenerator
}

// AddRelatedPropertyGeneratorsForPerson is a factory method for creating gopter generators
func AddRelatedPropertyGeneratorsForPerson(gens map[string]gopter.Gen) {
	gens["Spec"] = PersonSpecGenerator()
	gens["Status"] = PersonStatusGenerator()
}
