// Code generated by azure-service-operator-codegen. DO NOT EDIT.
// Copyright (c) Microsoft Corporation.
// Licensed under the MIT license.
package webhooks

import (
	"context"
	"fmt"
	v20200101 "github.com/Azure/azure-service-operator/testing/test/v1api20200101"
	"github.com/Azure/azure-service-operator/v2/internal/reflecthelpers"
	"github.com/Azure/azure-service-operator/v2/pkg/genruntime"
	"github.com/Azure/azure-service-operator/v2/pkg/genruntime/configmaps"
	"github.com/Azure/azure-service-operator/v2/pkg/genruntime/secrets"
	"k8s.io/apimachinery/pkg/runtime"
	"sigs.k8s.io/controller-runtime/pkg/webhook"
	"sigs.k8s.io/controller-runtime/pkg/webhook/admission"
)

type A_Webhook struct {
}

// +kubebuilder:webhook:path=/mutate-test-azure-com-v1api20200101-a,mutating=true,sideEffects=None,matchPolicy=Exact,failurePolicy=fail,groups=test.azure.com,resources=as,verbs=create;update,versions=v1api20200101,name=default.v1api20200101.as.test.azure.com,admissionReviewVersions=v1

var _ webhook.CustomDefaulter = &A_Webhook{}

// Default applies defaults to the A_Webhook resource
func (webhook *A_Webhook) Default(ctx context.Context, obj runtime.Object) error {
	resource, ok := obj.(*v20200101.A)
	if !ok {
		return fmt.Errorf("expected github.com/Azure/azure-service-operator/testing/test/v1api20200101/A, but got %T", obj)
	}
	err := webhook.defaultImpl(ctx, resource)
	if err != nil {
		return err
	}
	var temp any = webhook
	if runtimeDefaulter, ok := temp.(genruntime.Defaulter); ok {
		err = runtimeDefaulter.CustomDefault(ctx, resource)
		if err != nil {
			return err
		}
	}
	return nil
}

// defaultAzureName defaults the Azure name of the resource to the Kubernetes name
func (webhook *A_Webhook) defaultAzureName(ctx context.Context, obj *v20200101.A) error {
	if obj.Spec.AzureName == "" {
		obj.Spec.AzureName = obj.Name
	}
	return nil
}

// defaultImpl applies the code generated defaults to the A_Webhook resource
func (webhook *A_Webhook) defaultImpl(ctx context.Context, obj *v20200101.A) error {
	err := webhook.defaultAzureName(ctx, obj)
	if err != nil {
		return err
	}
	return nil
}

// +kubebuilder:webhook:path=/validate-test-azure-com-v1api20200101-a,mutating=false,sideEffects=None,matchPolicy=Exact,failurePolicy=fail,groups=test.azure.com,resources=as,verbs=create;update,versions=v1api20200101,name=validate.v1api20200101.as.test.azure.com,admissionReviewVersions=v1

var _ webhook.CustomValidator = &A_Webhook{}

// ValidateCreate validates the creation of the resource
func (webhook *A_Webhook) ValidateCreate(ctx context.Context, resource runtime.Object) (admission.Warnings, error) {
	obj, ok := resource.(*v20200101.A)
	if !ok {
		return nil, fmt.Errorf("expected github.com/Azure/azure-service-operator/testing/test/v1api20200101/A, but got %T", resource)
	}
	validations := webhook.createValidations()
	var temp any = webhook
	if runtimeValidator, ok := temp.(genruntime.Validator[*v20200101.A]); ok {
		validations = append(validations, runtimeValidator.CreateValidations()...)
	}
	return genruntime.ValidateCreate(ctx, obj, validations)
}

// ValidateDelete validates the deletion of the resource
func (webhook *A_Webhook) ValidateDelete(ctx context.Context, resource runtime.Object) (admission.Warnings, error) {
	obj, ok := resource.(*v20200101.A)
	if !ok {
		return nil, fmt.Errorf("expected github.com/Azure/azure-service-operator/testing/test/v1api20200101/A, but got %T", resource)
	}
	validations := webhook.deleteValidations()
	var temp any = webhook
	if runtimeValidator, ok := temp.(genruntime.Validator[*v20200101.A]); ok {
		validations = append(validations, runtimeValidator.DeleteValidations()...)
	}
	return genruntime.ValidateDelete(ctx, obj, validations)
}

// ValidateUpdate validates an update of the resource
func (webhook *A_Webhook) ValidateUpdate(ctx context.Context, oldResource runtime.Object, newResource runtime.Object) (admission.Warnings, error) {
	newObj, ok := newResource.(*v20200101.A)
	if !ok {
		return nil, fmt.Errorf("expected github.com/Azure/azure-service-operator/testing/test/v1api20200101/A, but got %T", newResource)
	}
	oldObj, ok := oldResource.(*v20200101.A)
	if !ok {
		return nil, fmt.Errorf("expected github.com/Azure/azure-service-operator/testing/test/v1api20200101/A, but got %T", oldResource)
	}
	validations := webhook.updateValidations()
	var temp any = webhook
	if runtimeValidator, ok := temp.(genruntime.Validator[*v20200101.A]); ok {
		validations = append(validations, runtimeValidator.UpdateValidations()...)
	}
	return genruntime.ValidateUpdate(
		ctx,
		oldObj,
		newObj,
		validations)
}

// createValidations validates the creation of the resource
func (webhook *A_Webhook) createValidations() []func(ctx context.Context, obj *v20200101.A) (admission.Warnings, error) {
	return []func(ctx context.Context, obj *v20200101.A) (admission.Warnings, error){webhook.validateResourceReferences, webhook.validateOwnerReference, webhook.validateSecretDestinations, webhook.validateConfigMapDestinations}
}

// deleteValidations validates the deletion of the resource
func (webhook *A_Webhook) deleteValidations() []func(ctx context.Context, obj *v20200101.A) (admission.Warnings, error) {
	return nil
}

// updateValidations validates the update of the resource
func (webhook *A_Webhook) updateValidations() []func(ctx context.Context, oldObj *v20200101.A, newObj *v20200101.A) (admission.Warnings, error) {
	return []func(ctx context.Context, oldObj *v20200101.A, newObj *v20200101.A) (admission.Warnings, error){
		func(ctx context.Context, oldObj *v20200101.A, newObj *v20200101.A) (admission.Warnings, error) {
			return webhook.validateResourceReferences(ctx, newObj)
		},
		webhook.validateWriteOnceProperties,
		func(ctx context.Context, oldObj *v20200101.A, newObj *v20200101.A) (admission.Warnings, error) {
			return webhook.validateOwnerReference(ctx, newObj)
		},
		func(ctx context.Context, oldObj *v20200101.A, newObj *v20200101.A) (admission.Warnings, error) {
			return webhook.validateSecretDestinations(ctx, newObj)
		},
		func(ctx context.Context, oldObj *v20200101.A, newObj *v20200101.A) (admission.Warnings, error) {
			return webhook.validateConfigMapDestinations(ctx, newObj)
		},
	}
}

// validateConfigMapDestinations validates there are no colliding genruntime.ConfigMapDestinations
func (webhook *A_Webhook) validateConfigMapDestinations(ctx context.Context, obj *v20200101.A) (admission.Warnings, error) {
	if obj.Spec.OperatorSpec == nil {
		return nil, nil
	}
	return configmaps.ValidateDestinations(obj, nil, obj.Spec.OperatorSpec.ConfigMapExpressions)
}

// validateOwnerReference validates the owner field
func (webhook *A_Webhook) validateOwnerReference(ctx context.Context, obj *v20200101.A) (admission.Warnings, error) {
	return genruntime.ValidateOwner(obj)
}

// validateResourceReferences validates all resource references
func (webhook *A_Webhook) validateResourceReferences(ctx context.Context, obj *v20200101.A) (admission.Warnings, error) {
	refs, err := reflecthelpers.FindResourceReferences(&obj.Spec)
	if err != nil {
		return nil, err
	}
	return genruntime.ValidateResourceReferences(refs)
}

// validateSecretDestinations validates there are no colliding genruntime.SecretDestination's
func (webhook *A_Webhook) validateSecretDestinations(ctx context.Context, obj *v20200101.A) (admission.Warnings, error) {
	if obj.Spec.OperatorSpec == nil {
		return nil, nil
	}
	return secrets.ValidateDestinations(obj, nil, obj.Spec.OperatorSpec.SecretExpressions)
}

// validateWriteOnceProperties validates all WriteOnce properties
func (webhook *A_Webhook) validateWriteOnceProperties(ctx context.Context, oldObj *v20200101.A, newObj *v20200101.A) (admission.Warnings, error) {

	return genruntime.ValidateWriteOnceProperties(oldObj, newObj)
}

type B_Webhook struct {
}

// +kubebuilder:webhook:path=/mutate-test-azure-com-v1api20200101-b,mutating=true,sideEffects=None,matchPolicy=Exact,failurePolicy=fail,groups=test.azure.com,resources=bs,verbs=create;update,versions=v1api20200101,name=default.v1api20200101.bs.test.azure.com,admissionReviewVersions=v1

var _ webhook.CustomDefaulter = &B_Webhook{}

// Default applies defaults to the B_Webhook resource
func (webhook *B_Webhook) Default(ctx context.Context, obj runtime.Object) error {
	resource, ok := obj.(*v20200101.B)
	if !ok {
		return fmt.Errorf("expected github.com/Azure/azure-service-operator/testing/test/v1api20200101/B, but got %T", obj)
	}
	err := webhook.defaultImpl(ctx, resource)
	if err != nil {
		return err
	}
	var temp any = webhook
	if runtimeDefaulter, ok := temp.(genruntime.Defaulter); ok {
		err = runtimeDefaulter.CustomDefault(ctx, resource)
		if err != nil {
			return err
		}
	}
	return nil
}

// defaultAzureName defaults the Azure name of the resource to the Kubernetes name
func (webhook *B_Webhook) defaultAzureName(ctx context.Context, obj *v20200101.B) error {
	if obj.Spec.AzureName == "" {
		obj.Spec.AzureName = obj.Name
	}
	return nil
}

// defaultImpl applies the code generated defaults to the B_Webhook resource
func (webhook *B_Webhook) defaultImpl(ctx context.Context, obj *v20200101.B) error {
	err := webhook.defaultAzureName(ctx, obj)
	if err != nil {
		return err
	}
	return nil
}

// +kubebuilder:webhook:path=/validate-test-azure-com-v1api20200101-b,mutating=false,sideEffects=None,matchPolicy=Exact,failurePolicy=fail,groups=test.azure.com,resources=bs,verbs=create;update,versions=v1api20200101,name=validate.v1api20200101.bs.test.azure.com,admissionReviewVersions=v1

var _ webhook.CustomValidator = &B_Webhook{}

// ValidateCreate validates the creation of the resource
func (webhook *B_Webhook) ValidateCreate(ctx context.Context, resource runtime.Object) (admission.Warnings, error) {
	obj, ok := resource.(*v20200101.B)
	if !ok {
		return nil, fmt.Errorf("expected github.com/Azure/azure-service-operator/testing/test/v1api20200101/B, but got %T", resource)
	}
	validations := webhook.createValidations()
	var temp any = webhook
	if runtimeValidator, ok := temp.(genruntime.Validator[*v20200101.B]); ok {
		validations = append(validations, runtimeValidator.CreateValidations()...)
	}
	return genruntime.ValidateCreate(ctx, obj, validations)
}

// ValidateDelete validates the deletion of the resource
func (webhook *B_Webhook) ValidateDelete(ctx context.Context, resource runtime.Object) (admission.Warnings, error) {
	obj, ok := resource.(*v20200101.B)
	if !ok {
		return nil, fmt.Errorf("expected github.com/Azure/azure-service-operator/testing/test/v1api20200101/B, but got %T", resource)
	}
	validations := webhook.deleteValidations()
	var temp any = webhook
	if runtimeValidator, ok := temp.(genruntime.Validator[*v20200101.B]); ok {
		validations = append(validations, runtimeValidator.DeleteValidations()...)
	}
	return genruntime.ValidateDelete(ctx, obj, validations)
}

// ValidateUpdate validates an update of the resource
func (webhook *B_Webhook) ValidateUpdate(ctx context.Context, oldResource runtime.Object, newResource runtime.Object) (admission.Warnings, error) {
	newObj, ok := newResource.(*v20200101.B)
	if !ok {
		return nil, fmt.Errorf("expected github.com/Azure/azure-service-operator/testing/test/v1api20200101/B, but got %T", newResource)
	}
	oldObj, ok := oldResource.(*v20200101.B)
	if !ok {
		return nil, fmt.Errorf("expected github.com/Azure/azure-service-operator/testing/test/v1api20200101/B, but got %T", oldResource)
	}
	validations := webhook.updateValidations()
	var temp any = webhook
	if runtimeValidator, ok := temp.(genruntime.Validator[*v20200101.B]); ok {
		validations = append(validations, runtimeValidator.UpdateValidations()...)
	}
	return genruntime.ValidateUpdate(
		ctx,
		oldObj,
		newObj,
		validations)
}

// createValidations validates the creation of the resource
func (webhook *B_Webhook) createValidations() []func(ctx context.Context, obj *v20200101.B) (admission.Warnings, error) {
	return []func(ctx context.Context, obj *v20200101.B) (admission.Warnings, error){webhook.validateResourceReferences, webhook.validateOwnerReference, webhook.validateSecretDestinations, webhook.validateConfigMapDestinations}
}

// deleteValidations validates the deletion of the resource
func (webhook *B_Webhook) deleteValidations() []func(ctx context.Context, obj *v20200101.B) (admission.Warnings, error) {
	return nil
}

// updateValidations validates the update of the resource
func (webhook *B_Webhook) updateValidations() []func(ctx context.Context, oldObj *v20200101.B, newObj *v20200101.B) (admission.Warnings, error) {
	return []func(ctx context.Context, oldObj *v20200101.B, newObj *v20200101.B) (admission.Warnings, error){
		func(ctx context.Context, oldObj *v20200101.B, newObj *v20200101.B) (admission.Warnings, error) {
			return webhook.validateResourceReferences(ctx, newObj)
		},
		webhook.validateWriteOnceProperties,
		func(ctx context.Context, oldObj *v20200101.B, newObj *v20200101.B) (admission.Warnings, error) {
			return webhook.validateOwnerReference(ctx, newObj)
		},
		func(ctx context.Context, oldObj *v20200101.B, newObj *v20200101.B) (admission.Warnings, error) {
			return webhook.validateSecretDestinations(ctx, newObj)
		},
		func(ctx context.Context, oldObj *v20200101.B, newObj *v20200101.B) (admission.Warnings, error) {
			return webhook.validateConfigMapDestinations(ctx, newObj)
		},
	}
}

// validateConfigMapDestinations validates there are no colliding genruntime.ConfigMapDestinations
func (webhook *B_Webhook) validateConfigMapDestinations(ctx context.Context, obj *v20200101.B) (admission.Warnings, error) {
	if obj.Spec.OperatorSpec == nil {
		return nil, nil
	}
	return configmaps.ValidateDestinations(obj, nil, obj.Spec.OperatorSpec.ConfigMapExpressions)
}

// validateOwnerReference validates the owner field
func (webhook *B_Webhook) validateOwnerReference(ctx context.Context, obj *v20200101.B) (admission.Warnings, error) {
	return genruntime.ValidateOwner(obj)
}

// validateResourceReferences validates all resource references
func (webhook *B_Webhook) validateResourceReferences(ctx context.Context, obj *v20200101.B) (admission.Warnings, error) {
	refs, err := reflecthelpers.FindResourceReferences(&obj.Spec)
	if err != nil {
		return nil, err
	}
	return genruntime.ValidateResourceReferences(refs)
}

// validateSecretDestinations validates there are no colliding genruntime.SecretDestination's
func (webhook *B_Webhook) validateSecretDestinations(ctx context.Context, obj *v20200101.B) (admission.Warnings, error) {
	if obj.Spec.OperatorSpec == nil {
		return nil, nil
	}
	return secrets.ValidateDestinations(obj, nil, obj.Spec.OperatorSpec.SecretExpressions)
}

// validateWriteOnceProperties validates all WriteOnce properties
func (webhook *B_Webhook) validateWriteOnceProperties(ctx context.Context, oldObj *v20200101.B, newObj *v20200101.B) (admission.Warnings, error) {

	return genruntime.ValidateWriteOnceProperties(oldObj, newObj)
}

type C_Webhook struct {
}

// +kubebuilder:webhook:path=/mutate-test-azure-com-v1api20200101-c,mutating=true,sideEffects=None,matchPolicy=Exact,failurePolicy=fail,groups=test.azure.com,resources=cs,verbs=create;update,versions=v1api20200101,name=default.v1api20200101.cs.test.azure.com,admissionReviewVersions=v1

var _ webhook.CustomDefaulter = &C_Webhook{}

// Default applies defaults to the C_Webhook resource
func (webhook *C_Webhook) Default(ctx context.Context, obj runtime.Object) error {
	resource, ok := obj.(*v20200101.C)
	if !ok {
		return fmt.Errorf("expected github.com/Azure/azure-service-operator/testing/test/v1api20200101/C, but got %T", obj)
	}
	err := webhook.defaultImpl(ctx, resource)
	if err != nil {
		return err
	}
	var temp any = webhook
	if runtimeDefaulter, ok := temp.(genruntime.Defaulter); ok {
		err = runtimeDefaulter.CustomDefault(ctx, resource)
		if err != nil {
			return err
		}
	}
	return nil
}

// defaultAzureName defaults the Azure name of the resource to the Kubernetes name
func (webhook *C_Webhook) defaultAzureName(ctx context.Context, obj *v20200101.C) error {
	if obj.Spec.AzureName == "" {
		obj.Spec.AzureName = obj.Name
	}
	return nil
}

// defaultImpl applies the code generated defaults to the C_Webhook resource
func (webhook *C_Webhook) defaultImpl(ctx context.Context, obj *v20200101.C) error {
	err := webhook.defaultAzureName(ctx, obj)
	if err != nil {
		return err
	}
	return nil
}

// +kubebuilder:webhook:path=/validate-test-azure-com-v1api20200101-c,mutating=false,sideEffects=None,matchPolicy=Exact,failurePolicy=fail,groups=test.azure.com,resources=cs,verbs=create;update,versions=v1api20200101,name=validate.v1api20200101.cs.test.azure.com,admissionReviewVersions=v1

var _ webhook.CustomValidator = &C_Webhook{}

// ValidateCreate validates the creation of the resource
func (webhook *C_Webhook) ValidateCreate(ctx context.Context, resource runtime.Object) (admission.Warnings, error) {
	obj, ok := resource.(*v20200101.C)
	if !ok {
		return nil, fmt.Errorf("expected github.com/Azure/azure-service-operator/testing/test/v1api20200101/C, but got %T", resource)
	}
	validations := webhook.createValidations()
	var temp any = webhook
	if runtimeValidator, ok := temp.(genruntime.Validator[*v20200101.C]); ok {
		validations = append(validations, runtimeValidator.CreateValidations()...)
	}
	return genruntime.ValidateCreate(ctx, obj, validations)
}

// ValidateDelete validates the deletion of the resource
func (webhook *C_Webhook) ValidateDelete(ctx context.Context, resource runtime.Object) (admission.Warnings, error) {
	obj, ok := resource.(*v20200101.C)
	if !ok {
		return nil, fmt.Errorf("expected github.com/Azure/azure-service-operator/testing/test/v1api20200101/C, but got %T", resource)
	}
	validations := webhook.deleteValidations()
	var temp any = webhook
	if runtimeValidator, ok := temp.(genruntime.Validator[*v20200101.C]); ok {
		validations = append(validations, runtimeValidator.DeleteValidations()...)
	}
	return genruntime.ValidateDelete(ctx, obj, validations)
}

// ValidateUpdate validates an update of the resource
func (webhook *C_Webhook) ValidateUpdate(ctx context.Context, oldResource runtime.Object, newResource runtime.Object) (admission.Warnings, error) {
	newObj, ok := newResource.(*v20200101.C)
	if !ok {
		return nil, fmt.Errorf("expected github.com/Azure/azure-service-operator/testing/test/v1api20200101/C, but got %T", newResource)
	}
	oldObj, ok := oldResource.(*v20200101.C)
	if !ok {
		return nil, fmt.Errorf("expected github.com/Azure/azure-service-operator/testing/test/v1api20200101/C, but got %T", oldResource)
	}
	validations := webhook.updateValidations()
	var temp any = webhook
	if runtimeValidator, ok := temp.(genruntime.Validator[*v20200101.C]); ok {
		validations = append(validations, runtimeValidator.UpdateValidations()...)
	}
	return genruntime.ValidateUpdate(
		ctx,
		oldObj,
		newObj,
		validations)
}

// createValidations validates the creation of the resource
func (webhook *C_Webhook) createValidations() []func(ctx context.Context, obj *v20200101.C) (admission.Warnings, error) {
	return []func(ctx context.Context, obj *v20200101.C) (admission.Warnings, error){webhook.validateResourceReferences, webhook.validateOwnerReference, webhook.validateSecretDestinations, webhook.validateConfigMapDestinations}
}

// deleteValidations validates the deletion of the resource
func (webhook *C_Webhook) deleteValidations() []func(ctx context.Context, obj *v20200101.C) (admission.Warnings, error) {
	return nil
}

// updateValidations validates the update of the resource
func (webhook *C_Webhook) updateValidations() []func(ctx context.Context, oldObj *v20200101.C, newObj *v20200101.C) (admission.Warnings, error) {
	return []func(ctx context.Context, oldObj *v20200101.C, newObj *v20200101.C) (admission.Warnings, error){
		func(ctx context.Context, oldObj *v20200101.C, newObj *v20200101.C) (admission.Warnings, error) {
			return webhook.validateResourceReferences(ctx, newObj)
		},
		webhook.validateWriteOnceProperties,
		func(ctx context.Context, oldObj *v20200101.C, newObj *v20200101.C) (admission.Warnings, error) {
			return webhook.validateOwnerReference(ctx, newObj)
		},
		func(ctx context.Context, oldObj *v20200101.C, newObj *v20200101.C) (admission.Warnings, error) {
			return webhook.validateSecretDestinations(ctx, newObj)
		},
		func(ctx context.Context, oldObj *v20200101.C, newObj *v20200101.C) (admission.Warnings, error) {
			return webhook.validateConfigMapDestinations(ctx, newObj)
		},
	}
}

// validateConfigMapDestinations validates there are no colliding genruntime.ConfigMapDestinations
func (webhook *C_Webhook) validateConfigMapDestinations(ctx context.Context, obj *v20200101.C) (admission.Warnings, error) {
	if obj.Spec.OperatorSpec == nil {
		return nil, nil
	}
	return configmaps.ValidateDestinations(obj, nil, obj.Spec.OperatorSpec.ConfigMapExpressions)
}

// validateOwnerReference validates the owner field
func (webhook *C_Webhook) validateOwnerReference(ctx context.Context, obj *v20200101.C) (admission.Warnings, error) {
	return genruntime.ValidateOwner(obj)
}

// validateResourceReferences validates all resource references
func (webhook *C_Webhook) validateResourceReferences(ctx context.Context, obj *v20200101.C) (admission.Warnings, error) {
	refs, err := reflecthelpers.FindResourceReferences(&obj.Spec)
	if err != nil {
		return nil, err
	}
	return genruntime.ValidateResourceReferences(refs)
}

// validateSecretDestinations validates there are no colliding genruntime.SecretDestination's
func (webhook *C_Webhook) validateSecretDestinations(ctx context.Context, obj *v20200101.C) (admission.Warnings, error) {
	if obj.Spec.OperatorSpec == nil {
		return nil, nil
	}
	return secrets.ValidateDestinations(obj, nil, obj.Spec.OperatorSpec.SecretExpressions)
}

// validateWriteOnceProperties validates all WriteOnce properties
func (webhook *C_Webhook) validateWriteOnceProperties(ctx context.Context, oldObj *v20200101.C, newObj *v20200101.C) (admission.Warnings, error) {

	return genruntime.ValidateWriteOnceProperties(oldObj, newObj)
}

type D_Webhook struct {
}

// +kubebuilder:webhook:path=/mutate-test-azure-com-v1api20200101-d,mutating=true,sideEffects=None,matchPolicy=Exact,failurePolicy=fail,groups=test.azure.com,resources=ds,verbs=create;update,versions=v1api20200101,name=default.v1api20200101.ds.test.azure.com,admissionReviewVersions=v1

var _ webhook.CustomDefaulter = &D_Webhook{}

// Default applies defaults to the D_Webhook resource
func (webhook *D_Webhook) Default(ctx context.Context, obj runtime.Object) error {
	resource, ok := obj.(*v20200101.D)
	if !ok {
		return fmt.Errorf("expected github.com/Azure/azure-service-operator/testing/test/v1api20200101/D, but got %T", obj)
	}
	err := webhook.defaultImpl(ctx, resource)
	if err != nil {
		return err
	}
	var temp any = webhook
	if runtimeDefaulter, ok := temp.(genruntime.Defaulter); ok {
		err = runtimeDefaulter.CustomDefault(ctx, resource)
		if err != nil {
			return err
		}
	}
	return nil
}

// defaultAzureName defaults the Azure name of the resource to the Kubernetes name
func (webhook *D_Webhook) defaultAzureName(ctx context.Context, obj *v20200101.D) error {
	if obj.Spec.AzureName == "" {
		obj.Spec.AzureName = obj.Name
	}
	return nil
}

// defaultImpl applies the code generated defaults to the D_Webhook resource
func (webhook *D_Webhook) defaultImpl(ctx context.Context, obj *v20200101.D) error {
	err := webhook.defaultAzureName(ctx, obj)
	if err != nil {
		return err
	}
	return nil
}

// +kubebuilder:webhook:path=/validate-test-azure-com-v1api20200101-d,mutating=false,sideEffects=None,matchPolicy=Exact,failurePolicy=fail,groups=test.azure.com,resources=ds,verbs=create;update,versions=v1api20200101,name=validate.v1api20200101.ds.test.azure.com,admissionReviewVersions=v1

var _ webhook.CustomValidator = &D_Webhook{}

// ValidateCreate validates the creation of the resource
func (webhook *D_Webhook) ValidateCreate(ctx context.Context, resource runtime.Object) (admission.Warnings, error) {
	obj, ok := resource.(*v20200101.D)
	if !ok {
		return nil, fmt.Errorf("expected github.com/Azure/azure-service-operator/testing/test/v1api20200101/D, but got %T", resource)
	}
	validations := webhook.createValidations()
	var temp any = webhook
	if runtimeValidator, ok := temp.(genruntime.Validator[*v20200101.D]); ok {
		validations = append(validations, runtimeValidator.CreateValidations()...)
	}
	return genruntime.ValidateCreate(ctx, obj, validations)
}

// ValidateDelete validates the deletion of the resource
func (webhook *D_Webhook) ValidateDelete(ctx context.Context, resource runtime.Object) (admission.Warnings, error) {
	obj, ok := resource.(*v20200101.D)
	if !ok {
		return nil, fmt.Errorf("expected github.com/Azure/azure-service-operator/testing/test/v1api20200101/D, but got %T", resource)
	}
	validations := webhook.deleteValidations()
	var temp any = webhook
	if runtimeValidator, ok := temp.(genruntime.Validator[*v20200101.D]); ok {
		validations = append(validations, runtimeValidator.DeleteValidations()...)
	}
	return genruntime.ValidateDelete(ctx, obj, validations)
}

// ValidateUpdate validates an update of the resource
func (webhook *D_Webhook) ValidateUpdate(ctx context.Context, oldResource runtime.Object, newResource runtime.Object) (admission.Warnings, error) {
	newObj, ok := newResource.(*v20200101.D)
	if !ok {
		return nil, fmt.Errorf("expected github.com/Azure/azure-service-operator/testing/test/v1api20200101/D, but got %T", newResource)
	}
	oldObj, ok := oldResource.(*v20200101.D)
	if !ok {
		return nil, fmt.Errorf("expected github.com/Azure/azure-service-operator/testing/test/v1api20200101/D, but got %T", oldResource)
	}
	validations := webhook.updateValidations()
	var temp any = webhook
	if runtimeValidator, ok := temp.(genruntime.Validator[*v20200101.D]); ok {
		validations = append(validations, runtimeValidator.UpdateValidations()...)
	}
	return genruntime.ValidateUpdate(
		ctx,
		oldObj,
		newObj,
		validations)
}

// createValidations validates the creation of the resource
func (webhook *D_Webhook) createValidations() []func(ctx context.Context, obj *v20200101.D) (admission.Warnings, error) {
	return []func(ctx context.Context, obj *v20200101.D) (admission.Warnings, error){webhook.validateResourceReferences, webhook.validateOwnerReference, webhook.validateSecretDestinations, webhook.validateConfigMapDestinations}
}

// deleteValidations validates the deletion of the resource
func (webhook *D_Webhook) deleteValidations() []func(ctx context.Context, obj *v20200101.D) (admission.Warnings, error) {
	return nil
}

// updateValidations validates the update of the resource
func (webhook *D_Webhook) updateValidations() []func(ctx context.Context, oldObj *v20200101.D, newObj *v20200101.D) (admission.Warnings, error) {
	return []func(ctx context.Context, oldObj *v20200101.D, newObj *v20200101.D) (admission.Warnings, error){
		func(ctx context.Context, oldObj *v20200101.D, newObj *v20200101.D) (admission.Warnings, error) {
			return webhook.validateResourceReferences(ctx, newObj)
		},
		webhook.validateWriteOnceProperties,
		func(ctx context.Context, oldObj *v20200101.D, newObj *v20200101.D) (admission.Warnings, error) {
			return webhook.validateOwnerReference(ctx, newObj)
		},
		func(ctx context.Context, oldObj *v20200101.D, newObj *v20200101.D) (admission.Warnings, error) {
			return webhook.validateSecretDestinations(ctx, newObj)
		},
		func(ctx context.Context, oldObj *v20200101.D, newObj *v20200101.D) (admission.Warnings, error) {
			return webhook.validateConfigMapDestinations(ctx, newObj)
		},
	}
}

// validateConfigMapDestinations validates there are no colliding genruntime.ConfigMapDestinations
func (webhook *D_Webhook) validateConfigMapDestinations(ctx context.Context, obj *v20200101.D) (admission.Warnings, error) {
	if obj.Spec.OperatorSpec == nil {
		return nil, nil
	}
	return configmaps.ValidateDestinations(obj, nil, obj.Spec.OperatorSpec.ConfigMapExpressions)
}

// validateOwnerReference validates the owner field
func (webhook *D_Webhook) validateOwnerReference(ctx context.Context, obj *v20200101.D) (admission.Warnings, error) {
	return genruntime.ValidateOwner(obj)
}

// validateResourceReferences validates all resource references
func (webhook *D_Webhook) validateResourceReferences(ctx context.Context, obj *v20200101.D) (admission.Warnings, error) {
	refs, err := reflecthelpers.FindResourceReferences(&obj.Spec)
	if err != nil {
		return nil, err
	}
	return genruntime.ValidateResourceReferences(refs)
}

// validateSecretDestinations validates there are no colliding genruntime.SecretDestination's
func (webhook *D_Webhook) validateSecretDestinations(ctx context.Context, obj *v20200101.D) (admission.Warnings, error) {
	if obj.Spec.OperatorSpec == nil {
		return nil, nil
	}
	return secrets.ValidateDestinations(obj, nil, obj.Spec.OperatorSpec.SecretExpressions)
}

// validateWriteOnceProperties validates all WriteOnce properties
func (webhook *D_Webhook) validateWriteOnceProperties(ctx context.Context, oldObj *v20200101.D, newObj *v20200101.D) (admission.Warnings, error) {

	return genruntime.ValidateWriteOnceProperties(oldObj, newObj)
}
