// Code generated by azure-service-operator-codegen. DO NOT EDIT.
// Copyright (c) Microsoft Corporation.
// Licensed under the MIT license.
package v20200101

import (
	"encoding/json"
	"github.com/google/go-cmp/cmp"
	"github.com/google/go-cmp/cmp/cmpopts"
	"github.com/kr/pretty"
	"github.com/kylelemons/godebug/diff"
	"github.com/leanovate/gopter"
	"github.com/leanovate/gopter/gen"
	"github.com/leanovate/gopter/prop"
	"os"
	"reflect"
	"testing"
)

func Test_Person_Spec_WhenSerializedToJson_DeserializesAsEqual(t *testing.T) {
	t.Parallel()
	parameters := gopter.DefaultTestParameters()
	parameters.MinSuccessfulTests = 100
	parameters.MaxSize = 3
	properties := gopter.NewProperties(parameters)
	properties.Property(
		"Round trip of Person_Spec via JSON returns original",
		prop.ForAll(RunJSONSerializationTestForPerson_Spec, Person_SpecGenerator()))
	properties.TestingRun(t, gopter.NewFormatedReporter(true, 240, os.Stdout))
}

// RunJSONSerializationTestForPerson_Spec runs a test to see if a specific instance of Person_Spec round trips to JSON and back losslessly
func RunJSONSerializationTestForPerson_Spec(subject Person_Spec) string {
	// Serialize to JSON
	bin, err := json.Marshal(subject)
	if err != nil {
		return err.Error()
	}

	// Deserialize back into memory
	var actual Person_Spec
	err = json.Unmarshal(bin, &actual)
	if err != nil {
		return err.Error()
	}

	// Check for outcome
	match := cmp.Equal(subject, actual, cmpopts.EquateEmpty())
	if !match {
		actualFmt := pretty.Sprint(actual)
		subjectFmt := pretty.Sprint(subject)
		result := diff.Diff(subjectFmt, actualFmt)
		return result
	}

	return ""
}

// Generator of Person_Spec instances for property testing - lazily instantiated by Person_SpecGenerator()
var person_SpecGenerator gopter.Gen

// Person_SpecGenerator returns a generator of Person_Spec instances for property testing.
func Person_SpecGenerator() gopter.Gen {
	if person_SpecGenerator != nil {
		return person_SpecGenerator
	}

	generators := make(map[string]gopter.Gen)
	AddIndependentPropertyGeneratorsForPerson_Spec(generators)
	person_SpecGenerator = gen.Struct(reflect.TypeOf(Person_Spec{}), generators)

	return person_SpecGenerator
}

// AddIndependentPropertyGeneratorsForPerson_Spec is a factory method for creating gopter generators
func AddIndependentPropertyGeneratorsForPerson_Spec(gens map[string]gopter.Gen) {
	gens["FamilyName"] = gen.AlphaString()
	gens["FullName"] = gen.AlphaString()
	gens["KnownAs"] = gen.AlphaString()
}
