// Code generated by azure-service-operator-codegen. DO NOT EDIT.
// Copyright (c) Microsoft Corporation.
// Licensed under the MIT license.
package vCurrent

import "github.com/Azure/azure-service-operator/testing/Verification/vNext"

type Person struct {
	Name *string `json:"name"`
}

// AssignPropertiesFromPerson populates our Person from the provided source Person
func (person *Person) AssignPropertiesFromPerson(source *vNext.Person) error {

	// Name
	if source.Name != nil {
		name := *source.Name
		person.Name = &name
	} else {
		person.Name = nil
	}

	// No error
	return nil
}

// AssignPropertiesToPerson populates the provided destination Person from our Person
func (person *Person) AssignPropertiesToPerson(destination *vNext.Person) error {

	// Name
	if person.Name != nil {
		name := *person.Name
		destination.Name = &name
	} else {
		destination.Name = nil
	}

	// No error
	return nil
}
