// Code generated by azure-service-operator-codegen. DO NOT EDIT.
// Copyright (c) Microsoft Corporation.
// Licensed under the MIT license.
package vDemo

import "k8s.io/apimachinery/pkg/runtime/schema"

type Demo struct {
}

func (demo *Demo) OriginalGVK() *schema.GroupVersionKind {
	return &schema.GroupVersionKind{
		Group:   GroupVersion.Group,
		Version: demo.Spec.OriginalVersion,
		Kind:    "Demo",
	}
}
