// Code generated by k8s-infra. DO NOT EDIT.
// Copyright (c) Microsoft Corporation.
// Licensed under the MIT license.
package v1alpha1api20200101

//Generated from: https://test.test/schemas/2020-01-01/test.json
type Test struct {
	Tags *Test_Tags `json:"tags,omitempty"`
}

type Test_Tags struct {
	OtherField *string `json:"otherField,omitempty"`
}
