// Code generated by azure-service-operator-codegen. DO NOT EDIT.
// Copyright (c) Microsoft Corporation.
// Licensed under the MIT license.
package vCurrent

import "github.com/Azure/azure-service-operator/hack/generated/_apis/Verification/vNext"

type Person struct {
	Sku string `json:"sku"`
}

// AssignPropertiesFromPerson populates our Person from the provided source Person
func (person *Person) AssignPropertiesFromPerson(source *vNext.Person) error {

	// Sku
	person.Sku = string(source.Sku)

	// No error
	return nil
}

// AssignPropertiesToPerson populates the provided destination Person from our Person
func (person *Person) AssignPropertiesToPerson(destination *vNext.Person) error {

	// Sku
	destination.Sku = vNext.Bucket(person.Sku)

	// No error
	return nil
}
