// Code generated by azure-service-operator-codegen. DO NOT EDIT.
// Copyright (c) Microsoft Corporation.
// Licensed under the MIT license.
package vCurrent

import (
	"github.com/Azure/azure-service-operator/hack/generated/_apis/Verification/vNext"
	"k8s.io/apiextensions-apiserver/pkg/apis/apiextensions/v1"
)

type Person struct {
	JSONObject map[string]v1.JSON `json:"jsonObject"`
}

// AssignPropertiesFromPerson populates our Person from the provided source Person
func (person *Person) AssignPropertiesFromPerson(source *vNext.Person) error {

	// JSONObject
	jsonObjectMap := make(map[string]v1.JSON)
	for jsonObjectKey, jsonObjectValue := range source.JSONObject {
		// Shadow the loop variable to avoid aliasing
		jsonObjectValue := jsonObjectValue
		jsonObjectMap[jsonObjectKey] = *jsonObjectValue.DeepCopy()
	}
	person.JSONObject = jsonObjectMap

	// No error
	return nil
}

// AssignPropertiesToPerson populates the provided destination Person from our Person
func (person *Person) AssignPropertiesToPerson(destination *vNext.Person) error {

	// JSONObject
	jsonObjectMap := make(map[string]v1.JSON)
	for jsonObjectKey, jsonObjectValue := range person.JSONObject {
		// Shadow the loop variable to avoid aliasing
		jsonObjectValue := jsonObjectValue
		jsonObjectMap[jsonObjectKey] = *jsonObjectValue.DeepCopy()
	}
	destination.JSONObject = jsonObjectMap

	// No error
	return nil
}
