// Code generated by k8s-infra. DO NOT EDIT.
// Copyright (c) Microsoft Corporation.
// Licensed under the MIT license.
package vCurrent

import "github.com/Azure/azure-service-operator/hack/generated/_apis/Verification/vNext"

type Person struct {
	Age int `json:"age"`
}

// AssignPropertiesFromPerson populates our Person from the provided source Person
func (person *Person) AssignPropertiesFromPerson(source *vNext.Person) error {

	// Age
	if source.Age != nil {
		person.Age = *source.Age
	} else {
		person.Age = 0
	}

	// No error
	return nil
}

// AssignPropertiesToPerson populates the provided destination Person from our Person
func (person *Person) AssignPropertiesToPerson(destination *vNext.Person) error {

	// Age
	age := person.Age
	destination.Age = &age

	// No error
	return nil
}
