// Code generated by azure-service-operator-codegen. DO NOT EDIT.
// Copyright (c) Microsoft Corporation.
// Licensed under the MIT license.
package v20211231storage

import (
	"github.com/Azure/azure-service-operator/hack/generated/pkg/genruntime"
	"github.com/Azure/azure-service-operator/testing/microsoft.person/v20211231storage"
	metav1 "k8s.io/apimachinery/pkg/apis/meta/v1"
)

// +kubebuilder:object:root=true
// +kubebuilder:subresource:status
//Storage version of v20211231.Person
type Person struct {
	metav1.TypeMeta   `json:",inline"`
	metav1.ObjectMeta `json:"metadata,omitempty"`
	Spec              v20211231storage.Person_Spec   `json:"spec,omitempty"`
	Status            v20211231storage.Person_Status `json:"status,omitempty"`
}

// +kubebuilder:object:root=true
//Storage version of v20211231.Person
type PersonList struct {
	metav1.TypeMeta `json:",inline"`
	metav1.ListMeta `json:"metadata,omitempty"`
	Items           []v20211231storage.Person `json:"items"`
}

//Storage version of v20211231.Person_Spec
type Person_Spec struct {
	FullName    *string                `json:"fullName,omitempty"`
	PropertyBag genruntime.PropertyBag `json:"$propertyBag,omitempty"`
}

//Storage version of v20211231.Person_Status
type Person_Status struct {
	PropertyBag genruntime.PropertyBag `json:"$propertyBag,omitempty"`
	Status      *string                `json:"status,omitempty"`
}

func init() {
	SchemeBuilder.Register(&v20211231storage.Person{}, &v20211231storage.PersonList{})
}
